// Jest Snapshot v1, https://goo.gl/fbAQLP

exports[`renders correctly 1`] = `
<View
  style={
    Object {
      "marginBottom": 10,
      "marginHorizontal": 5,
    }
  }
>
  <View
    collapsable={false}
    style={
      Object {
        "backgroundColor": "#ffffff",
        "borderColor": "rgba(0, 0, 0, 0.12)",
        "borderRadius": 4,
        "elevation": 2,
        "shadowColor": "#000000",
        "shadowOffset": Object {
          "height": 0.75,
          "width": 0,
        },
        "shadowOpacity": 0.24,
        "shadowRadius": 1.5,
      }
    }
  >
    <View
      accessibilityState={
        Object {
          "disabled": true,
        }
      }
      accessible={true}
      focusable={false}
      onClick={[Function]}
      onResponderGrant={[Function]}
      onResponderMove={[Function]}
      onResponderRelease={[Function]}
      onResponderTerminate={[Function]}
      onResponderTerminationRequest={[Function]}
      onStartShouldSetResponder={[Function]}
      style={
        Object {
          "flexGrow": 1,
          "flexShrink": 1,
        }
      }
    >
      <View
        style={
          Array [
            Object {
              "alignItems": "center",
              "flexDirection": "row",
              "justifyContent": "space-between",
              "paddingLeft": 16,
            },
            Object {
              "minHeight": 72,
            },
            undefined,
          ]
        }
      >
        <View
          style={
            Array [
              Object {
                "height": 40,
                "justifyContent": "center",
                "marginRight": 16,
                "width": 40,
              },
              undefined,
            ]
          }
        >
          <View
            style={
              Array [
                Object {
                  "backgroundColor": "#6200ee",
                  "borderRadius": 20,
                  "height": 40,
                  "width": 40,
                },
                Object {
                  "alignItems": "center",
                  "justifyContent": "center",
                },
                Object {},
              ]
            }
          >
            <Text
              accessibilityElementsHidden={true}
              allowFontScaling={false}
              importantForAccessibility="no-hide-descendants"
              pointerEvents="none"
              selectable={false}
              style={
                Array [
                  Object {
                    "color": "#ffffff",
                    "fontSize": 24,
                  },
                  Array [
                    Object {
                      "lineHeight": 24,
                      "transform": Array [
                        Object {
                          "scaleX": 1,
                        },
                      ],
                    },
                    Object {
                      "backgroundColor": "transparent",
                    },
                  ],
                  Object {
                    "fontFamily": "Material Design Icons",
                    "fontStyle": "normal",
                    "fontWeight": "normal",
                  },
                  Object {},
                ]
              }
            >
              ó°‰‹
            </Text>
          </View>
        </View>
        <View
          style={
            Array [
              Object {
                "flex": 1,
                "flexDirection": "column",
                "justifyContent": "center",
              },
            ]
          }
        />
        <View />
      </View>
      <View
        style={
          Array [
            Object {
              "paddingHorizontal": 16,
            },
            undefined,
            undefined,
          ]
        }
      >
        <Text
          style={
            Array [
              Object {
                "color": "#000000",
                "fontFamily": "System",
                "fontWeight": "400",
              },
              Object {
                "textAlign": "left",
              },
              Array [
                Object {
                  "textAlign": "left",
                },
                Object {
                  "color": "rgba(0, 0, 0, 0.87)",
                  "fontFamily": "System",
                  "fontWeight": "500",
                  "writingDirection": "ltr",
                },
                Array [
                  Object {
                    "fontSize": 20,
                    "letterSpacing": 0.15,
                    "lineHeight": 30,
                    "marginVertical": 2,
                  },
                  undefined,
                ],
              ],
            ]
          }
        >
          Title: 
        </Text>
        <Text
          style={
            Array [
              Object {
                "color": "#000000",
                "fontFamily": "System",
                "fontWeight": "400",
              },
              Object {
                "textAlign": "left",
              },
              Array [
                Object {
                  "textAlign": "left",
                },
                Object {
                  "color": "rgba(0, 0, 0, 0.87)",
                  "fontFamily": "System",
                  "fontWeight": "400",
                  "writingDirection": "ltr",
                },
                Array [
                  Object {
                    "fontSize": 14,
                    "letterSpacing": 0.25,
                    "lineHeight": 20,
                    "marginVertical": 2,
                  },
                  undefined,
                ],
              ],
            ]
          }
        />
      </View>
      <View
        index={2}
        siblings={
          Array [
            "withTheme(Card.Title)",
            "Card.Content",
            "View",
          ]
        }
        style={
          Object {
            "flexDirection": "row",
            "justifyContent": "space-evenly",
            "marginBottom": 10,
            "marginTop": 10,
          }
        }
        total={3}
      />
    </View>
  </View>
  <View
    style={
      Array [
        Object {
          "backgroundColor": "rgba(0, 0, 0, 0.12)",
          "height": 0.5,
        },
        undefined,
        undefined,
      ]
    }
  />
</View>
`;
